../Core/Src/DYPlayer.c:107:6:serialWrite	16	static
../Core/Src/DYPlayer.c:120:6:serialWrite_crc	24	static
../Core/Src/DYPlayer.c:134:9:serialRead	16	static
../Core/Src/DYPlayer.c:147:10:checksum	24	static
../Core/Src/DYPlayer.c:161:6:validateCrc	24	static
../Core/Src/DYPlayer.c:172:6:sendCommand_nocrc	24	static
../Core/Src/DYPlayer.c:185:6:sendCommand	16	static
../Core/Src/DYPlayer.c:197:6:getResponse	16	static
../Core/Src/DYPlayer.c:220:6:byPathCommand	72	static
../Core/Src/DYPlayer.c:267:14:checkPlayState	16	static
../Core/Src/DYPlayer.c:291:6:play	8	static
../Core/Src/DYPlayer.c:307:6:pause	8	static
../Core/Src/DYPlayer.c:324:6:stop	8	static
../Core/Src/DYPlayer.c:340:6:previous	8	static
../Core/Src/DYPlayer.c:355:6:next	8	static
../Core/Src/DYPlayer.c:371:6:playSpecified	24	static
../Core/Src/DYPlayer.c:392:6:playSpecifiedDevicePath	24	static
../Core/Src/DYPlayer.c:402:10:getPlayingDevice	16	static
../Core/Src/DYPlayer.c:427:6:setPlayingDevice	24	static
../Core/Src/DYPlayer.c:448:10:getSoundCount	16	static
../Core/Src/DYPlayer.c:471:10:getPlayingSound	16	static
../Core/Src/DYPlayer.c:494:6:previousDir	16	static
../Core/Src/DYPlayer.c:525:10:getFirstInDir	16	static
../Core/Src/DYPlayer.c:548:10:getSoundCountDir	16	static
../Core/Src/DYPlayer.c:572:6:setVolume	24	static
../Core/Src/DYPlayer.c:593:6:volumeIncrease	8	static
../Core/Src/DYPlayer.c:610:6:volumeDecrease	8	static
../Core/Src/DYPlayer.c:631:6:interludeSpecified	24	static
../Core/Src/DYPlayer.c:651:6:interludeSpecifiedDevicePath	24	static
../Core/Src/DYPlayer.c:661:6:stopInterlude	8	static
../Core/Src/DYPlayer.c:677:6:setCycleMode	24	static
../Core/Src/DYPlayer.c:697:6:setCycleTimes	24	static
../Core/Src/DYPlayer.c:719:6:setEq	24	static
../Core/Src/DYPlayer.c:740:6:select	24	static
../Core/Src/DYPlayer.c:773:6:combinationPlay	24	static
../Core/Src/DYPlayer.c:799:6:endCombinationPlay	24	static
../Core/Src/DYPlayer.c:810:6:getCycleMode	24	static
